/ui/clock-format = "%Y-%m-%dT%H:%M:%S %Z"
info: changed config option -- /ui/clock-format
/ui/clock-format = "abc"
