    ${FOO}
qrf ^----^
eval -- bar
split:
  0 -- bar
