2600-12-03 09:23:00.000000 0:
2600-12-03 09:23:00.000000 0:
2600-12-03 09:23:00.000000 0:
