Row 0:
  Column typeof(result): text
  Column     result: {"col_0":"","col_1":""}
