Row 0:
  Column 'h9.example.com' < 'h10.example.com' collate ipaddress: 1
