Row 0:
  Column      stack: [10,100,20,200,30,300]
