Row 0:
  Column typeof(result): real
  Column     result: 123.456
