-07-20 22:59:27,672:DEBUG:Hello, Bork!
  How are you today?
-07-20 22:59:30,221:ERROR:Goodbye, Bork!
