Sun Jan 31 05:53:29 2021  +0000 UTC -- 1612072409
