Row 0:
  Column jget('[null, true, 20, 30, 4.0]', '/4'): 4.0
