Row 0:
  Column jget('[null, true, 20, 30, 40, {"msg": "Hello"}]', '/5'): {"msg":"Hello"}
