[1m[32mâœ” [0mdeleted regex101 entry: [1mzpEnjV[0m
