    ~ foo
til ^
wsp  ^
eval -- ../test foo
split:
  0 -- ../test
  1 -- foo
