    'abc'
sst ^
sen     ^
eval -- 'abc'
split:
  0 -- abc
