Row 0:
  Column 'fe80::a85f:80b4:5cbe:8691' = 'fe80:0000:0000:0000:a85f:80b4:5cbe:8691' collate ipaddress: 1
