Row 0:
  Column     result: {"foo":"abc","col_0":123}
