Row 0:
  Column '192.168.1.2' < 'fe80::a85f:80b4:5cbe:8691' collate ipaddress: 1
