toplevel here 123 456
nested here nested.lnav abc 789
