Hello, World!
-07-20 22:59:30,221:ERROR:Goodbye, Bork!
