[1m[4mlog_top_datetime() [0m
            <NULL> 
