Row 0:
  Column timeslice('2015-08-07 12:01:00', 'before 12pm'): (null)
