Row 0:
  Column '192.168.1.10' < '192.168.1.12' collate ipaddress: 1
