[1m[4mmatch_index [0m[1m[4m           content             [0m
[1m          0[0m[1m [0m[1m{"key":"foo","value":"0x123e"} [0m
