                 SELECT (1 + 2) AS three
     sql_keyword ------
      sql_number         -
        sql_oper           -
      sql_number             -
     sql_keyword                --
       sql_ident                   -----
