Thu Jun 06 19:13:20 2013  +0000 UTC -- 1370546000
