[2020-12-10 06:56:41,061] INFO [:108] Calling 'x' with params:
[2020-12-10 06:56:41,092] DEBUG [:69] Full request text:
/a-request, /a-request/head, /a-request/source, /a-request/request, /a-request/request/name
[2020-12-10 06:56:41,099] DEBUG [:85] Full reply text:
/a-reply, /a-reply/head, /a-reply/reply, /a-reply/reply/status, /a-reply/reply/status/result, /a-reply/reply/name, /a-reply/technical-track
