Row 0:
  Column readlink('sql_fs_readlink_test.lnk'): sql_fs_readlink_test
