[1m[4m                                                     log_body                                                      [0m
timstack : TTY=pts/6 ; PWD=/auto/wstimstack/rpms/lbuild/test ; USER=root ; COMMAND=/usr/bin/tail /var/log/messages 
