Row 0:
  Column regexp_match(null, 'abc'): (null)
