2009-07-20 22:59:27,672:DEBUG:Hello, World!
  How are you today?
