Row 0:
  Column 'info' collate loglevel between 'trace' and 'fatal': 1
